
> autoskola-pohl-new@0.1.0 build
> next build

▲ Next.js 16.2.5 (Turbopack)
- Environments: .env.local

  Creating an optimized production build ...
✓ Compiled successfully in 3.1s
  Running TypeScript ...
  Finished TypeScript in 2.6s ...
  Collecting page data using 10 workers ...
⨯ Next.js build worker exited with code: 3221226505 and signal: null
